mnh48@localhost:~/Programs/aegisub-3.2.2$ make
gcc -MMD -MP -I/home/mnh48/Programs/aegisub-3.2.2/libaegisub/include -I/home/mnh48/Programs/aegisub-3.2.2/ -fPIC -I/usr/include -DBOOST_SYSTEM_NO_DEPRECATED `pkg-config --cflags luajit` -Wall -Wextra -Wno-unused-parameter -std=gnu99 -pipe -g -Wno-unused-local-typedefs -O3  -c -o /home/mnh48/Programs/aegisub-3.2.2/libaegisub/lua/modules/lpeg.o /home/mnh48/Programs/aegisub-3.2.2/libaegisub/lua/modules/lpeg.c
/home/mnh48/Programs/aegisub-3.2.2/libaegisub/lua/modules/lpeg.c:2337:24: error: array type has incomplete element type 'struct luaL_reg'
 static struct luaL_reg pattreg[] = {
                        ^~~~~~~
/home/mnh48/Programs/aegisub-3.2.2/libaegisub/lua/modules/lpeg.c:2363:24: error: array type has incomplete element type 'struct luaL_reg'
 static struct luaL_reg metapattreg[] = {
                        ^~~~~~~~~~~
/home/mnh48/Programs/aegisub-3.2.2/libaegisub/lua/modules/lpeg.c:2363:24: warning: 'metapattreg' defined but not used [-Wunused-variable]
/home/mnh48/Programs/aegisub-3.2.2/libaegisub/lua/modules/lpeg.c:2337:24: warning: 'pattreg' defined but not used [-Wunused-variable]
 static struct luaL_reg pattreg[] = {
                        ^~~~~~~
Makefile.target:99: recipe for target '/home/mnh48/Programs/aegisub-3.2.2/libaegisub/lua/modules/lpeg.o' failed
make: *** [/home/mnh48/Programs/aegisub-3.2.2/libaegisub/lua/modules/lpeg.o] Error 1
mnh48@localhost:~/Programs/aegisub-3.2.2$ ./configure
checking for gcc... gcc
checking whether the C compiler works... yes
checking for C compiler default output file name... a.out
checking for suffix of executables... 
checking whether we are cross compiling... no
checking for suffix of object files... o
checking whether we are using the GNU C compiler... yes
checking whether gcc accepts -g... yes
checking for gcc option to accept ISO C89... none needed
checking how to run the C preprocessor... gcc -E
checking for grep that handles long lines and -e... /bin/grep
checking for egrep... /bin/grep -E
checking for ANSI C header files... yes
checking for sys/types.h... yes
checking for sys/stat.h... yes
checking for stdlib.h... yes
checking for string.h... yes
checking for memory.h... yes
checking for strings.h... yes
checking for inttypes.h... yes
checking for stdint.h... yes
checking for unistd.h... yes
checking minix/config.h usability... no
checking minix/config.h presence... no
checking for minix/config.h... no
checking whether it is safe to define __EXTENSIONS__... yes
checking build system type... aarch64-unknown-linux-gnu
checking host system type... aarch64-unknown-linux-gnu
checking for MDCPUCFG setting... md/_linux.cfg
checking whether BUILD_CREDIT has been set... no
checking for GNU make... make
checking for gcc... (cached) gcc
checking whether we are using the GNU C compiler... (cached) yes
checking whether gcc accepts -g... (cached) yes
checking for gcc option to accept ISO C89... (cached) none needed
checking for g++... g++
checking whether we are using the GNU C++ compiler... yes
checking whether g++ accepts -g... yes
checking for a BSD-compatible install... /usr/bin/install -c
checking for ranlib... ranlib
checking for pkg-config... /usr/bin/pkg-config
checking pkg-config is at least version 0.20... yes
checking for version... 3.2.2 from cached git_version.h
checking for build date... 2020-05-25 15:34 UTC
checking for the pthreads library -lpthreads... no
checking whether pthreads work without any flags... no
checking whether pthreads work with -Kthread... no
checking whether pthreads work with -kthread... no
checking for the pthreads library -llthread... no
checking whether pthreads work with -pthread... yes
checking for joinable pthread attribute... PTHREAD_CREATE_JOINABLE
checking if more special flags are required for pthreads... no
checking for PTHREAD_PRIO_INHERIT... yes
checking whether g++ supports -std=c++11... yes
checking whether g++ supports -Wno-c++11-narrowing... yes
checking whether gcc supports -Wno-unused-local-typedefs... yes
checking whether g++ supports -Wno-unused-local-typedefs... yes
checking whether g++ supports -stdlib=libc++... no
checking for main in -lm... yes
checking for dlclose in -ldl... yes
checking how to run the C++ preprocessor... g++ -E
checking sys/time.h usability... yes
checking sys/time.h presence... yes
checking for sys/time.h... yes
checking for X... libraries , headers 
checking for gethostbyname... yes
checking for connect... yes
checking for remove... yes
checking for shmat... yes
checking for IceConnectionNumber in -lICE... yes
checking for a sed that does not truncate output... /bin/sed
checking whether we are using the Microsoft C compiler... no
checking windows.h usability... no
checking windows.h presence... no
checking for windows.h... no
checking for GL/gl.h... yes
checking for OpenGL/gl.h... no
checking for OpenGL library... -lGL
checking for FREETYPE... yes
checking for FONTCONFIG... yes
checking for LIBASS... yes
checking for boostlib >= 1.50.0... yes
checking for exit in -lboost_chrono... yes
checking for exit in -lboost_filesystem... yes
checking for exit in -lboost_locale... yes
checking for exit in -lboost_regex... yes
checking for exit in -lboost_system... yes
checking for exit in -lboost_thread... yes
checking boost/spirit/home/phoenix/version.hpp usability... no
checking boost/spirit/home/phoenix/version.hpp presence... no
checking for boost/spirit/home/phoenix/version.hpp... no
checking for ICU_UC... yes
checking for ICU_I18N... yes
checking whether boost ICU support works... yes
checking for library containing iconv_open... none required
checking whether iconv works... yes
checking whether iconv (const) works... no
checking for snd_pcm_open in -lasound... yes
checking for OPENAL... no
checking soundcard.h usability... no
checking soundcard.h presence... no
checking for soundcard.h... no
checking sys/soundcard.h usability... yes
checking sys/soundcard.h presence... yes
checking for sys/soundcard.h... yes
checking for LIBPULSE... yes
checking for PORTAUDIO... no
checking for FFMS2... yes
checking for FFTW3... yes
checking for HUNSPELL... yes
checking whether to turn on debugging... no
checking whether to use exception handling in debug mode... no
checking for the --enable-debug option... no
checking for wx-config... /usr/bin/wx-config
checking for wxWidgets version >= 3.0.0... yes (version 3.0.4)
checking for wxWidgets static library... no
checking wx/glcanvas.h usability... yes
checking wx/glcanvas.h presence... yes
checking for wx/glcanvas.h... yes
checking whether wxWidgets OpenGL support works... yes
checking wx/stc/stc.h usability... yes
checking wx/stc/stc.h presence... yes
checking for wx/stc/stc.h... yes
checking whether wxWidgets StyledTextCtrl support works... yes
checking whether to use precompiled headers... yes
checking whether g++ supports -Winvalid-pch... yes
checking whether g++ supports -fpch-deps... yes
checking whether g++ supports -fpch-preprocess... yes
checking whether make sets $(MAKE)... yes
checking for a thread-safe mkdir -p... /bin/mkdir -p
checking whether NLS is requested... yes
checking for msgfmt... /usr/bin/msgfmt
checking for gmsgfmt... /usr/bin/msgfmt
checking for xgettext... /usr/bin/xgettext
checking for msgmerge... /usr/bin/msgmerge
checking for ld used by gcc... /usr/bin/ld
checking if the linker (/usr/bin/ld) is GNU ld... yes
checking for shared library run path origin... /bin/bash: ./config.rpath: No such file or directory
done
checking for CFPreferencesCopyAppValue... no
checking for CFLocaleCopyCurrent... no
checking for GNU gettext in libc... yes
checking whether to use NLS... yes
checking where the gettext function comes from... libc
checking whether to enable the update checker... yes
checking for update checker server... updates.aegisub.org
checking for update checker base URL... /trunk
configure: creating ./config.status
config.status: creating packages/desktop/aegisub.desktop.template
config.status: creating src/libresrc/default_config_platform.json
config.status: creating tools/osx-bundle.sed
config.status: creating Makefile.inc
config.status: creating acconf.h
config.status: acconf.h is unchanged
config.status: executing po-directories commands

Configure settings
  Install prefix:        /usr/local
  Revision:              3.2.2
  Debug                  no
  CFLAGS                  -Wall -Wextra -Wno-unused-parameter -std=gnu99 -pipe -g -Wno-unused-local-typedefs -O3
  CXXFLAGS                -Wall -Wextra -Wno-unused-parameter -fno-strict-aliasing -pipe -g -std=c++11 -Wno-c++11-narrowing -Wno-unused-local-typedefs -O3
  CPPFLAGS               
  LDFLAGS                
  LIBS                   -ldl -lm 

Default Settings
  Audio Player:          ALSA

Audio Players
  ALSA:                  yes 
  OpenAL:                no 
  OSS:                   yes 
  PortAudio:             no 
  PulseAudio:            yes 

Misc Packages
  Hunspell:              yes 
  FFTW3:                 yes 

mnh48@localhost:~/Programs/aegisub-3.2.2$ make
gcc -MMD -MP -I/home/mnh48/Programs/aegisub-3.2.2/libaegisub/include -I/home/mnh48/Programs/aegisub-3.2.2/ -fPIC -I/usr/include -DBOOST_SYSTEM_NO_DEPRECATED `pkg-config --cflags luajit` -Wall -Wextra -Wno-unused-parameter -std=gnu99 -pipe -g -Wno-unused-local-typedefs -O3  -c -o /home/mnh48/Programs/aegisub-3.2.2/libaegisub/lua/modules/lpeg.o /home/mnh48/Programs/aegisub-3.2.2/libaegisub/lua/modules/lpeg.c
/home/mnh48/Programs/aegisub-3.2.2/libaegisub/lua/modules/lpeg.c:2337:24: error: array type has incomplete element type 'struct luaL_reg'
 static struct luaL_reg pattreg[] = {
                        ^~~~~~~
/home/mnh48/Programs/aegisub-3.2.2/libaegisub/lua/modules/lpeg.c:2363:24: error: array type has incomplete element type 'struct luaL_reg'
 static struct luaL_reg metapattreg[] = {
                        ^~~~~~~~~~~
/home/mnh48/Programs/aegisub-3.2.2/libaegisub/lua/modules/lpeg.c:2363:24: warning: 'metapattreg' defined but not used [-Wunused-variable]
/home/mnh48/Programs/aegisub-3.2.2/libaegisub/lua/modules/lpeg.c:2337:24: warning: 'pattreg' defined but not used [-Wunused-variable]
 static struct luaL_reg pattreg[] = {
                        ^~~~~~~
Makefile.target:99: recipe for target '/home/mnh48/Programs/aegisub-3.2.2/libaegisub/lua/modules/lpeg.o' failed
make: *** [/home/mnh48/Programs/aegisub-3.2.2/libaegisub/lua/modules/lpeg.o] Error 1
mnh48@localhost:~/Programs/aegisub-3.2.2$ make
gcc -MMD -MP -I/home/mnh48/Programs/aegisub-3.2.2/libaegisub/include -I/home/mnh48/Programs/aegisub-3.2.2/ -fPIC -I/usr/include -DBOOST_SYSTEM_NO_DEPRECATED `pkg-config --cflags luajit` -Wall -Wextra -Wno-unused-parameter -std=gnu99 -pipe -g -Wno-unused-local-typedefs -O3  -c -o /home/mnh48/Programs/aegisub-3.2.2/libaegisub/lua/modules/lpeg.o /home/mnh48/Programs/aegisub-3.2.2/libaegisub/lua/modules/lpeg.c
/home/mnh48/Programs/aegisub-3.2.2/libaegisub/lua/modules/lpeg.c: In function 'match':
/home/mnh48/Programs/aegisub-3.2.2/libaegisub/lua/modules/lpeg.c:541:14: warning: this statement may fall through [-Wimplicit-fallthrough=]
         stack--;
         ~~~~~^~
/home/mnh48/Programs/aegisub-3.2.2/libaegisub/lua/modules/lpeg.c:543:7: note: here
       case IFail:
       ^~~~
/home/mnh48/Programs/aegisub-3.2.2/libaegisub/lua/modules/lpeg.c:616:9: warning: this statement may fall through [-Wimplicit-fallthrough=]
         luaL_error(L, "reference to %s outside a grammar", val2str(L, -1));
         ^~~~~~~~~~~~~~~~~~~~~~~~~~~~~~~~~~~~~~~~~~~~~~~~~~~~~~~~~~~~~~~~~~
/home/mnh48/Programs/aegisub-3.2.2/libaegisub/lua/modules/lpeg.c:618:7: note: here
       default: assert(0); return NULL;
       ^~~~~~~
g++ -MMD -MP -I/home/mnh48/Programs/aegisub-3.2.2/libaegisub/include -I/home/mnh48/Programs/aegisub-3.2.2/ -fPIC -I/usr/include -DBOOST_SYSTEM_NO_DEPRECATED `pkg-config --cflags luajit` -Wall -Wextra -Wno-unused-parameter -fno-strict-aliasing -pipe -g -std=c++11 -Wno-c++11-narrowing -Wno-unused-local-typedefs -O3  -include /home/mnh48/Programs/aegisub-3.2.2/libaegisub/lagi_pre.h   -c -o /home/mnh48/Programs/aegisub-3.2.2/libaegisub/lua/script_reader.o /home/mnh48/Programs/aegisub-3.2.2/libaegisub/lua/script_reader.cpp
/home/mnh48/Programs/aegisub-3.2.2/libaegisub/lua/script_reader.cpp: In function 'bool agi::lua::LoadFile(lua_State*, const path&)':
/home/mnh48/Programs/aegisub-3.2.2/libaegisub/lua/script_reader.cpp:42:28: warning: comparison is always false due to limited range of data type [-Wtype-limits]
   if (size >= 3 && buff[0] == -17 && buff[1] == -69 && buff[2] == -65) {
                    ~~~~~~~~^~~~~~
/home/mnh48/Programs/aegisub-3.2.2/libaegisub/lua/script_reader.cpp:42:46: warning: comparison is always false due to limited range of data type [-Wtype-limits]
   if (size >= 3 && buff[0] == -17 && buff[1] == -69 && buff[2] == -65) {
                                      ~~~~~~~~^~~~~~
/home/mnh48/Programs/aegisub-3.2.2/libaegisub/lua/script_reader.cpp:42:64: warning: comparison is always false due to limited range of data type [-Wtype-limits]
   if (size >= 3 && buff[0] == -17 && buff[1] == -69 && buff[2] == -65) {
                                                        ~~~~~~~~^~~~~~
At global scope:
cc1plus: warning: unrecognized command line option '-Wno-c++11-narrowing'
g++ -MMD -MP -I/home/mnh48/Programs/aegisub-3.2.2/libaegisub/include -I/home/mnh48/Programs/aegisub-3.2.2/ -fPIC -I/usr/include -DBOOST_SYSTEM_NO_DEPRECATED `pkg-config --cflags luajit` -Wall -Wextra -Wno-unused-parameter -fno-strict-aliasing -pipe -g -std=c++11 -Wno-c++11-narrowing -Wno-unused-local-typedefs -O3  -include /home/mnh48/Programs/aegisub-3.2.2/libaegisub/lagi_pre.h   -c -o /home/mnh48/Programs/aegisub-3.2.2/libaegisub/lua/utils.o /home/mnh48/Programs/aegisub-3.2.2/libaegisub/lua/utils.cpp
g++ -MMD -MP -I/home/mnh48/Programs/aegisub-3.2.2/libaegisub/include -I/home/mnh48/Programs/aegisub-3.2.2/ -fPIC -I/usr/include -DBOOST_SYSTEM_NO_DEPRECATED `pkg-config --cflags luajit` -Wall -Wextra -Wno-unused-parameter -fno-strict-aliasing -pipe -g -std=c++11 -Wno-c++11-narrowing -Wno-unused-local-typedefs -O3  -include /home/mnh48/Programs/aegisub-3.2.2/libaegisub/lagi_pre.h   -c -o /home/mnh48/Programs/aegisub-3.2.2/libaegisub/lua/modules.o /home/mnh48/Programs/aegisub-3.2.2/libaegisub/lua/modules.cpp
cd /home/mnh48/Programs/aegisub-3.2.2/src/libresrc; /home/mnh48/Programs/aegisub-3.2.2/tools/respack.lua ../bitmaps/manifest.respack bitmap.cpp bitmap.h
/bin/sh: 1: /home/mnh48/Programs/aegisub-3.2.2/tools/respack.lua: not found
/home/mnh48/Programs/aegisub-3.2.2/src/libresrc/Makefile:20: recipe for target '/home/mnh48/Programs/aegisub-3.2.2/src/libresrc/bitmap.h' failed
make: *** [/home/mnh48/Programs/aegisub-3.2.2/src/libresrc/bitmap.h] Error 127
mnh48@localhost:~/Programs/aegisub-3.2.2$ locate respack.lua
locate: can not stat () `/var/lib/mlocate/mlocate.db': No such file or directory
mnh48@localhost:~/Programs/aegisub-3.2.2$ find respack.lua
find: 'respack.lua': No such file or directory
mnh48@localhost:~/Programs/aegisub-3.2.2$ locatedb
bash: locatedb: command not found
mnh48@localhost:~/Programs/aegisub-3.2.2$ updatedb
updatedb: can not change group of file `/var/lib/mlocate/mlocate.db.0R6yZA' to `mlocate': Operation not permitted
mnh48@localhost:~/Programs/aegisub-3.2.2$ locate respack.lua
locate: can not stat () `/var/lib/mlocate/mlocate.db': No such file or directory
mnh48@localhost:~/Programs/aegisub-3.2.2$ find ./ -type f -name "respack.lua"
./tools/respack.lua
mnh48@localhost:~/Programs/aegisub-3.2.2$ find ./ -type f -name "bitmap.cpp"
mnh48@localhost:~/Programs/aegisub-3.2.2$ find ~/ -type f -name "bitmap.cpp"
mnh48@localhost:~/Programs/aegisub-3.2.2$ make
make: *** No rule to make target '/home/mnh48/Programs/aegisub-3.2.2/src/libresrc/bitmap.h', needed by '/home/mnh48/Programs/aegisub-3.2.2/lib/libaegisub.a'.  Stop.
mnh48@localhost:~/Programs/aegisub-3.2.2$ cd src
mnh48@localhost:~/Programs/aegisub-3.2.2/src$ cd libresc
bash: cd: libresc: No such file or directory
mnh48@localhost:~/Programs/aegisub-3.2.2/src$ cd libresrc
mnh48@localhost:~/Programs/aegisub-3.2.2/src/libresrc$ cd ..
mnh48@localhost:~/Programs/aegisub-3.2.2/src$ cd ..
mnh48@localhost:~/Programs/aegisub-3.2.2$ make
make: *** No rule to make target '/home/mnh48/Programs/aegisub-3.2.2/src/libresrc/bitmap.h', needed by '/home/mnh48/Programs/aegisub-3.2.2/lib/libaegisub.a'.  Stop.
mnh48@localhost:~/Programs/aegisub-3.2.2$ make
cd /home/mnh48/Programs/aegisub-3.2.2/src/libresrc; /home/mnh48/Programs/aegisub-3.2.2/tools/respack.lua ../bitmaps/manifest.respack bitmap.cpp bitmap.h
/bin/sh: 1: /home/mnh48/Programs/aegisub-3.2.2/tools/respack.lua: not found
/home/mnh48/Programs/aegisub-3.2.2/src/libresrc/Makefile:20: recipe for target '/home/mnh48/Programs/aegisub-3.2.2/src/libresrc/bitmap.h' failed
make: *** [/home/mnh48/Programs/aegisub-3.2.2/src/libresrc/bitmap.h] Error 127
mnh48@localhost:~/Programs/aegisub-3.2.2$ make
cd /home/mnh48/Programs/aegisub-3.2.2/src/libresrc; /home/mnh48/Programs/aegisub-3.2.2/tools/respack.lua ../bitmaps/manifest.respack bitmap.cpp bitmap.h
/bin/sh: 1: /home/mnh48/Programs/aegisub-3.2.2/tools/respack.lua: not found
/home/mnh48/Programs/aegisub-3.2.2/src/libresrc/Makefile:20: recipe for target '/home/mnh48/Programs/aegisub-3.2.2/src/libresrc/bitmap.h' failed
make: *** [/home/mnh48/Programs/aegisub-3.2.2/src/libresrc/bitmap.h] Error 127
mnh48@localhost:~/Programs/aegisub-3.2.2$ ./configure
checking for gcc... gcc
checking whether the C compiler works... yes
checking for C compiler default output file name... a.out
checking for suffix of executables... 
checking whether we are cross compiling... no
checking for suffix of object files... o
checking whether we are using the GNU C compiler... yes
checking whether gcc accepts -g... yes
checking for gcc option to accept ISO C89... none needed
checking how to run the C preprocessor... gcc -E
checking for grep that handles long lines and -e... /bin/grep
checking for egrep... /bin/grep -E
checking for ANSI C header files... yes
checking for sys/types.h... yes
checking for sys/stat.h... yes
checking for stdlib.h... yes
checking for string.h... yes
checking for memory.h... yes
checking for strings.h... yes
checking for inttypes.h... yes
checking for stdint.h... yes
checking for unistd.h... yes
checking minix/config.h usability... no
checking minix/config.h presence... no
checking for minix/config.h... no
checking whether it is safe to define __EXTENSIONS__... yes
checking build system type... aarch64-unknown-linux-gnu
checking host system type... aarch64-unknown-linux-gnu
checking for MDCPUCFG setting... md/_linux.cfg
checking whether BUILD_CREDIT has been set... no
checking for GNU make... make
checking for gcc... (cached) gcc
checking whether we are using the GNU C compiler... (cached) yes
checking whether gcc accepts -g... (cached) yes
checking for gcc option to accept ISO C89... (cached) none needed
checking for g++... g++
checking whether we are using the GNU C++ compiler... yes
checking whether g++ accepts -g... yes
checking for a BSD-compatible install... /usr/bin/install -c
checking for ranlib... ranlib
checking for pkg-config... /usr/bin/pkg-config
checking pkg-config is at least version 0.20... yes
checking for version... 3.2.2 from cached git_version.h
checking for build date... 2020-05-25 16:17 UTC
checking for the pthreads library -lpthreads... no
checking whether pthreads work without any flags... no
checking whether pthreads work with -Kthread... no
checking whether pthreads work with -kthread... no
checking for the pthreads library -llthread... no
checking whether pthreads work with -pthread... yes
checking for joinable pthread attribute... PTHREAD_CREATE_JOINABLE
checking if more special flags are required for pthreads... no
checking for PTHREAD_PRIO_INHERIT... yes
checking whether g++ supports -std=c++11... yes
checking whether g++ supports -Wno-c++11-narrowing... yes
checking whether gcc supports -Wno-unused-local-typedefs... yes
checking whether g++ supports -Wno-unused-local-typedefs... yes
checking whether g++ supports -stdlib=libc++... no
checking for main in -lm... yes
checking for dlclose in -ldl... yes
checking how to run the C++ preprocessor... g++ -E
checking sys/time.h usability... yes
checking sys/time.h presence... yes
checking for sys/time.h... yes
checking for X... libraries , headers 
checking for gethostbyname... yes
checking for connect... yes
checking for remove... yes
checking for shmat... yes
checking for IceConnectionNumber in -lICE... yes
checking for a sed that does not truncate output... /bin/sed
checking whether we are using the Microsoft C compiler... no
checking windows.h usability... no
checking windows.h presence... no
checking for windows.h... no
checking for GL/gl.h... yes
checking for OpenGL/gl.h... no
checking for OpenGL library... -lGL
checking for FREETYPE... yes
checking for FONTCONFIG... yes
checking for LIBASS... yes
checking for boostlib >= 1.50.0... yes
checking for exit in -lboost_chrono... yes
checking for exit in -lboost_filesystem... yes
checking for exit in -lboost_locale... yes
checking for exit in -lboost_regex... yes
checking for exit in -lboost_system... yes
checking for exit in -lboost_thread... yes
checking boost/spirit/home/phoenix/version.hpp usability... no
checking boost/spirit/home/phoenix/version.hpp presence... no
checking for boost/spirit/home/phoenix/version.hpp... no
checking for ICU_UC... yes
checking for ICU_I18N... yes
checking whether boost ICU support works... yes
checking for library containing iconv_open... none required
checking whether iconv works... yes
checking whether iconv (const) works... no
checking for snd_pcm_open in -lasound... yes
checking for OPENAL... no
checking soundcard.h usability... no
checking soundcard.h presence... no
checking for soundcard.h... no
checking sys/soundcard.h usability... yes
checking sys/soundcard.h presence... yes
checking for sys/soundcard.h... yes
checking for LIBPULSE... yes
checking for PORTAUDIO... no
checking for FFMS2... yes
checking for FFTW3... yes
checking for HUNSPELL... yes
checking whether to turn on debugging... no
checking whether to use exception handling in debug mode... no
checking for the --enable-debug option... no
checking for wx-config... /usr/bin/wx-config
checking for wxWidgets version >= 3.0.0... yes (version 3.0.4)
checking for wxWidgets static library... no
checking wx/glcanvas.h usability... yes
checking wx/glcanvas.h presence... yes
checking for wx/glcanvas.h... yes
checking whether wxWidgets OpenGL support works... yes
checking wx/stc/stc.h usability... yes
checking wx/stc/stc.h presence... yes
checking for wx/stc/stc.h... yes
checking whether wxWidgets StyledTextCtrl support works... yes
checking whether to use precompiled headers... yes
checking whether g++ supports -Winvalid-pch... yes
checking whether g++ supports -fpch-deps... yes
checking whether g++ supports -fpch-preprocess... yes
checking whether make sets $(MAKE)... yes
checking for a thread-safe mkdir -p... /bin/mkdir -p
checking whether NLS is requested... yes
checking for msgfmt... /usr/bin/msgfmt
checking for gmsgfmt... /usr/bin/msgfmt
checking for xgettext... /usr/bin/xgettext
checking for msgmerge... /usr/bin/msgmerge
checking for ld used by gcc... /usr/bin/ld
checking if the linker (/usr/bin/ld) is GNU ld... yes
checking for shared library run path origin... /bin/bash: ./config.rpath: No such file or directory
done
checking for CFPreferencesCopyAppValue... no
checking for CFLocaleCopyCurrent... no
checking for GNU gettext in libc... yes
checking whether to use NLS... yes
checking where the gettext function comes from... libc
checking whether to enable the update checker... yes
checking for update checker server... updates.aegisub.org
checking for update checker base URL... /trunk
configure: creating ./config.status
config.status: creating packages/desktop/aegisub.desktop.template
config.status: creating src/libresrc/default_config_platform.json
config.status: creating tools/osx-bundle.sed
config.status: creating Makefile.inc
config.status: creating acconf.h
config.status: acconf.h is unchanged
config.status: executing po-directories commands

Configure settings
  Install prefix:        /usr/local
  Revision:              3.2.2
  Debug                  no
  CFLAGS                  -Wall -Wextra -Wno-unused-parameter -std=gnu99 -pipe -g -Wno-unused-local-typedefs -O3
  CXXFLAGS                -Wall -Wextra -Wno-unused-parameter -fno-strict-aliasing -pipe -g -std=c++11 -Wno-c++11-narrowing -Wno-unused-local-typedefs -O3
  CPPFLAGS               
  LDFLAGS                
  LIBS                   -ldl -lm 

Default Settings
  Audio Player:          ALSA

Audio Players
  ALSA:                  yes 
  OpenAL:                no 
  OSS:                   yes 
  PortAudio:             no 
  PulseAudio:            yes 

Misc Packages
  Hunspell:              yes 
  FFTW3:                 yes 

mnh48@localhost:~/Programs/aegisub-3.2.2$ make
cd /home/mnh48/Programs/aegisub-3.2.2/src/libresrc; /home/mnh48/Programs/aegisub-3.2.2/tools/respack.lua ../bitmaps/manifest.respack bitmap.cpp bitmap.h
/bin/sh: 1: /home/mnh48/Programs/aegisub-3.2.2/tools/respack.lua: not found
/home/mnh48/Programs/aegisub-3.2.2/src/libresrc/Makefile:20: recipe for target '/home/mnh48/Programs/aegisub-3.2.2/src/libresrc/bitmap.h' failed
make: *** [/home/mnh48/Programs/aegisub-3.2.2/src/libresrc/bitmap.h] Error 127
mnh48@localhost:~/Programs/aegisub-3.2.2$ 
